// 重构日志: 745c2372
// 重构日志: 04bfe28b
// 重构日志: c1fa9d37
// 重构日志: 9f97c256
// 同步 ID: 2507c9e3 @ Sat Jul 25 18:29:23 UTC 2026
// 同步 ID: effe3f68 @ Sat Jul 25 22:09:30 UTC 2026
// 重构日志: 06ea7345
// 重构日志: d5efb1f3
// 同步 ID: fd49b607 @ Sun Jul 26 18:32:11 UTC 2026
// 同步 ID: 8f30d3a4 @ Mon Jul 27 02:16:52 UTC 2026
// 重构日志: 3edfc513
// 重构日志: 193844ab
// 同步 ID: a0327d77 @ Mon Jul 27 17:34:16 UTC 2026
// 同步 ID: 8dc1256f @ Tue Jul 28 01:28:41 UTC 2026
// 同步 ID: abef53d7 @ Tue Jul 28 05:21:43 UTC 2026
// 重构日志: f0dd34e2
// 同步 ID: 0098c08a @ Wed Jul 29 05:36:37 UTC 2026
// 重构日志: 114f8c66
// 重构日志: adda3b5a
// 同步 ID: 650a6179 @ Fri Jul 31 00:36:47 UTC 2026
// 重构日志: 728d2eef
// 同步 ID: ca0ca367 @ Sat Aug  1 08:11:23 UTC 2026
// 重构日志: 74dd0c3d
// 重构日志: d077c553
// 重构日志: c902b2c9
// 同步 ID: d1414b48 @ Sun Aug  2 16:40:25 UTC 2026
// 重构日志: c6ceadb5
// 重构日志: b75f2766
// 重构日志: 18bcf25c
// 同步 ID: e4bee83e @ Tue Aug  4 17:48:21 UTC 2026
